// Jest Snapshot v1, https://goo.gl/fbAQLP

exports[`doesnt render the rating correctly 1`] = `<div class="show__rating--wrapper"><img src="../assets/images/star-regular.png" alt="rating" class="show__rating--icon"> <span class="show__rating">10</span></div>`;

exports[`doesnt render the rating if not present 1`] = `<div class="show__rating--wrapper"><img src="../assets/images/star-regular.png" alt="rating" class="show__rating--icon"> <span class="show__rating">10</span></div>`;

exports[`doesnt renders the rating correctly 1`] = `<div class="show__rating--wrapper"><img src="../assets/images/star-regular.png" alt="rating" class="show__rating--icon"> <span class="show__rating">10</span></div>`;

exports[`renders the component correctly 1`] = `<div class="show__rating--wrapper"><img src="../assets/images/star-regular.png" alt="rating" class="show__rating--icon"> <span class="show__rating">10</span></div>`;

exports[`renders the component correctly 2`] = `<div class="show__rating--wrapper"><img src="../assets/images/star-regular.png" alt="rating" class="show__rating--icon"> <span class="show__rating">10</span></div>`;

exports[`renders the rating correctly 1`] = `<div class="show__rating--wrapper"><img src="../assets/images/star-regular.png" alt="rating" class="show__rating--icon"> <span class="show__rating">10</span></div>`;
